[pginbangalore.com/ABCPG/index.html]
[backblue.gif]
[fade.gif]
[index.html]
[pginbangalore.com/ABCPG/assets/img/heading-img.png]
[pginbangalore.com/ABCPG/assets/css/owl.carousel.min.css]
[pginbangalore.com/ABCPG/assets/css/bootstrap.min.css]
[pginbangalore.com/ABCPG/assets/css/owl.theme.default.min.css]
[pginbangalore.com/ABCPG/assets/css/jquery.fancybox.min.css]
[pginbangalore.com/ABCPG/assets/css/fontawesome.min.css]
[pginbangalore.com/ABCPG/assets/font/flaticon_mycollection.css]
[pginbangalore.com/ABCPG/assets/css/style.css]
[pginbangalore.com/ABCPG/assets/css/responsive.css]
[pginbangalore.com/ABCPG/index-2.html]
[pginbangalore.com/ABCPG/assets/img/footer.jpg]
[pginbangalore.com/ABCPG/assets/img/shaps-4.png]
[pginbangalore.com/ABCPG/assets/img/shaps-1.png]
[pginbangalore.com/ABCPG/assets/img/shaps-2.png]
[pginbangalore.com/ABCPG/assets/img/shaps-3.png]
[pginbangalore.com/ABCPG/assets/img/amenities-icons/appliance_1198306.png]
[pginbangalore.com/ABCPG/assets/img/amenities-icons/chef-hat.png]
[pginbangalore.com/ABCPG/assets/img/amenities-icons/wifi.svg]
[pginbangalore.com/ABCPG/assets/img/amenities-icons/electrical-energy.png]
[pginbangalore.com/ABCPG/assets/img/amenities-icons/flexible-contracts.svg]
[pginbangalore.com/ABCPG/assets/img/amenities-icons/food.png]
[pginbangalore.com/ABCPG/assets/img/amenities-icons/mop_7842219.png]
[pginbangalore.com/ABCPG/assets/img/amenities-icons/sofa.svg]
[pginbangalore.com/ABCPG/assets/img/amenities-icons/wrench-and-screwdriver.svg]
[pginbangalore.com/ABCPG/assets/img/premium.png]
[pginbangalore.com/ABCPG/assets/img/wifi.png]
[pginbangalore.com/ABCPG/assets/img/restaurant.png]
[pginbangalore.com/ABCPG/assets/img/location.png]
[pginbangalore.com/ABCPG/assets/img/hidden.png]
[pginbangalore.com/ABCPG/assets/img/positive-vote.png]
[pginbangalore.com/ABCPG/assets/img/shaps-bg.png]
[pginbangalore.com/ABCPG/assets/img/chek.png]
[pginbangalore.com/ABCPG/assets/img/stap-img.jpg]
[pginbangalore.com/ABCPG/about.html]
[pginbangalore.com/ABCPG/contact.html]
[pginbangalore.com/ABCPG/assets/js/jquery-3.6.0.min.js]
[pginbangalore.com/ABCPG/assets/js/bootstrap.min.js]
[pginbangalore.com/ABCPG/assets/js/jquery.fancybox.min.js]
[pginbangalore.com/ABCPG/assets/js/splitText.js]
[pginbangalore.com/ABCPG/assets/js/scrolltrigger.js]
[pginbangalore.com/ABCPG/assets/js/custom.js]
[pginbangalore.com/ABCPG/assets/js/gsap.js]
[pginbangalore.com/ABCPG/assets/js/sweetalert.min.js]
[pginbangalore.com/ABCPG/assets/js/contact.js]
[pginbangalore.com/ABCPG/index.html]
[pginbangalore.com/ABCPG/assets/css/bootstrap.min.css]
[pginbangalore.com/ABCPG/assets/css/owl.video.play.html]
[pginbangalore.com/ABCPG/assets/css/owl.carousel.min.css]
[pginbangalore.com/ABCPG/assets/css/owl.theme.default.min.css]
[pginbangalore.com/ABCPG/assets/css/jquery.fancybox.min.css]
[pginbangalore.com/ABCPG/assets/fonts/fa-brands-400.woff2]
[pginbangalore.com/ABCPG/assets/fonts/fa-regular-400.woff2]
[pginbangalore.com/ABCPG/assets/fonts/fa-brands-400.ttf]
[pginbangalore.com/ABCPG/assets/fonts/fa-solid-900.woff2]
[pginbangalore.com/ABCPG/assets/fonts/fa-regular-400.ttf]
[pginbangalore.com/ABCPG/assets/fonts/fa-v4compatibility.woff2]
[pginbangalore.com/ABCPG/assets/fonts/fa-solid-900.ttf]
[pginbangalore.com/ABCPG/assets/fonts/fa-v4compatibility.ttf]
[pginbangalore.com/ABCPG/assets/css/fontawesome.min.css]
[pginbangalore.com/ABCPG/assets/font/flaticon_mycollection0e380e38.woff2]
[pginbangalore.com/ABCPG/assets/font/flaticon_mycollection0e380e38.woff]
[pginbangalore.com/ABCPG/assets/font/flaticon_mycollection0e380e38.eot]
[pginbangalore.com/ABCPG/assets/font/flaticon_mycollection0e380e38.ttf]
[pginbangalore.com/ABCPG/assets/font/flaticon_mycollection.css]
[pginbangalore.com/ABCPG/assets/img/down-arrow.svg]
[pginbangalore.com/ABCPG/assets/font/flaticon_mycollection0e380e38.svg]
[pginbangalore.com/ABCPG/assets/css/style.css]
[pginbangalore.com/ABCPG/assets/css/responsive.css]
[pginbangalore.com/ABCPG/index-2.html]
[pginbangalore.com/ABCPG/index-3.html]
[pginbangalore.com/ABCPG/index-4.html]
[pginbangalore.com/ABCPG/index-5.html]
[pginbangalore.com/ABCPG/assets/img/amenities-icons/wifi.svg]
[pginbangalore.com/ABCPG/assets/img/amenities-icons/flexible-contracts.svg]
[pginbangalore.com/ABCPG/assets/img/amenities-icons/sofa.svg]
[pginbangalore.com/ABCPG/assets/img/amenities-icons/wrench-and-screwdriver.svg]
[pginbangalore.com/ABCPG/about.html]
[pginbangalore.com/ABCPG/contact.html]
[pginbangalore.com/ABCPG/faq.html]
[pginbangalore.com/ABCPG/assets/css/owl.video.play.html]
[pginbangalore.com/ABCPG/assets/font/flaticon_mycollection0e380e38.svg]
[pginbangalore.com/ABCPG/assets/img/down-arrow.svg]
